                                                            
                                                            
                                                            
                                                            
                                                            
                                                            
                                                            
                                                            
  [m[38;5;11m0/9[m[m                                                       
[m[38;5;12m> [m[1mЗдраве[m[48;5;15mй[m[m                                                   
[m