                                                            
                                                            
                                                            
                                                            
                                                            
                                                            
                                                            
                                                            
                                                            
[m[38;5;11m0/9  page 1/1[m[m  [m[38;5;12m> [m[1mЗдрав[m[38;5;15m█[m[m                                     
[m