[m[38;5;9;48;5;0m> [m[1;38;5;11;48;5;0mCatch the Moment[m[m                                          
  ICHIDAIJI                                                 
  メーベル                                                  
  glow                                                      
  closing                                                   
  ソラニン                                                  
  adrenaline!!!                                             
  ヒトリノ夜                                                
  あの日自分が出て行ってやっつけた時のことをまだ覚えている..
[m[38;5;11m9/9  page 1/1[m[m  [m[38;5;12m> [m[38;5;15m█[m[m                                          
[m